<?xml version="1.0" encoding="UTF-8"?>
  <testsuites tests="22" disabled="0" errors="0" failures="0" time="0.001346712">
      <testsuite name="Golang Suite" package="/Users/omarcrosby/go/src/github.com/jedi-knights/scaffit/pkg/golang" tests="5" disabled="0" skipped="0" errors="0" failures="0" time="0.000533403" timestamp="2023-10-08T16:25:25">
          <properties>
              <property name="SuiteSucceeded" value="true"></property>
              <property name="SuiteHasProgrammaticFocus" value="false"></property>
              <property name="SpecialSuiteFailureReason" value=""></property>
              <property name="SuiteLabels" value="[]"></property>
              <property name="RandomSeed" value="1696796725"></property>
              <property name="RandomizeAllSpecs" value="false"></property>
              <property name="LabelFilter" value=""></property>
              <property name="FocusStrings" value=""></property>
              <property name="SkipStrings" value=""></property>
              <property name="FocusFiles" value=""></property>
              <property name="SkipFiles" value=""></property>
              <property name="FailOnPending" value="false"></property>
              <property name="FailFast" value="false"></property>
              <property name="FlakeAttempts" value="0"></property>
              <property name="DryRun" value="false"></property>
              <property name="ParallelTotal" value="1"></property>
              <property name="OutputInterceptorMode" value=""></property>
          </properties>
          <testcase name="[It] Golang ValidateModulePath when the input is valid returns nil when given &#39;github.com/jdoe/myproject" classname="Golang Suite" status="passed" time="0.000181572">
              <system-err>&gt; Enter [It] returns nil when given &#39;github.com/jdoe/myproject - /Users/omarcrosby/go/src/github.com/jedi-knights/scaffit/pkg/golang/golang_test.go:13 @ 10/08/23 16:25:25.931&#xA;&lt; Exit [It] returns nil when given &#39;github.com/jdoe/myproject - /Users/omarcrosby/go/src/github.com/jedi-knights/scaffit/pkg/golang/golang_test.go:13 @ 10/08/23 16:25:25.932 (0s)&#xA;</system-err>
          </testcase>
          <testcase name="[It] Golang ValidateModulePath when the input is valid returns nil when given &#39;github.com/jdoe/my_project" classname="Golang Suite" status="passed" time="3.8364e-05">
              <system-err>&gt; Enter [It] returns nil when given &#39;github.com/jdoe/my_project - /Users/omarcrosby/go/src/github.com/jedi-knights/scaffit/pkg/golang/golang_test.go:24 @ 10/08/23 16:25:25.932&#xA;&lt; Exit [It] returns nil when given &#39;github.com/jdoe/my_project - /Users/omarcrosby/go/src/github.com/jedi-knights/scaffit/pkg/golang/golang_test.go:24 @ 10/08/23 16:25:25.932 (0s)&#xA;</system-err>
          </testcase>
          <testcase name="[It] Golang ValidateModulePath when the input is valid returns nil when given &#39;github.com/jdoe/myLibrary" classname="Golang Suite" status="passed" time="4.5982e-05">
              <system-err>&gt; Enter [It] returns nil when given &#39;github.com/jdoe/myLibrary - /Users/omarcrosby/go/src/github.com/jedi-knights/scaffit/pkg/golang/golang_test.go:35 @ 10/08/23 16:25:25.932&#xA;&lt; Exit [It] returns nil when given &#39;github.com/jdoe/myLibrary - /Users/omarcrosby/go/src/github.com/jedi-knights/scaffit/pkg/golang/golang_test.go:35 @ 10/08/23 16:25:25.932 (0s)&#xA;</system-err>
          </testcase>
          <testcase name="[It] Golang ValidateModulePath when the input is invalid returns an error when given a string with spaces" classname="Golang Suite" status="passed" time="3.6595e-05">
              <system-err>&gt; Enter [It] returns an error when given a string with spaces - /Users/omarcrosby/go/src/github.com/jedi-knights/scaffit/pkg/golang/golang_test.go:48 @ 10/08/23 16:25:25.932&#xA;&lt; Exit [It] returns an error when given a string with spaces - /Users/omarcrosby/go/src/github.com/jedi-knights/scaffit/pkg/golang/golang_test.go:48 @ 10/08/23 16:25:25.932 (0s)&#xA;</system-err>
          </testcase>
          <testcase name="[It] Golang ValidateModulePath when the input is invalid returns an error when given a string with a hyphen" classname="Golang Suite" status="passed" time="3.9643e-05">
              <system-err>&gt; Enter [It] returns an error when given a string with a hyphen - /Users/omarcrosby/go/src/github.com/jedi-knights/scaffit/pkg/golang/golang_test.go:59 @ 10/08/23 16:25:25.932&#xA;&lt; Exit [It] returns an error when given a string with a hyphen - /Users/omarcrosby/go/src/github.com/jedi-knights/scaffit/pkg/golang/golang_test.go:59 @ 10/08/23 16:25:25.932 (0s)&#xA;</system-err>
          </testcase>
      </testsuite>
      <testsuite name="Text Suite" package="/Users/omarcrosby/go/src/github.com/jedi-knights/scaffit/pkg/text" tests="17" disabled="0" skipped="0" errors="0" failures="0" time="0.000813309" timestamp="2023-10-08T16:25:26">
          <properties>
              <property name="SuiteSucceeded" value="true"></property>
              <property name="SuiteHasProgrammaticFocus" value="false"></property>
              <property name="SpecialSuiteFailureReason" value=""></property>
              <property name="SuiteLabels" value="[]"></property>
              <property name="RandomSeed" value="1696796725"></property>
              <property name="RandomizeAllSpecs" value="false"></property>
              <property name="LabelFilter" value=""></property>
              <property name="FocusStrings" value=""></property>
              <property name="SkipStrings" value=""></property>
              <property name="FocusFiles" value=""></property>
              <property name="SkipFiles" value=""></property>
              <property name="FailOnPending" value="false"></property>
              <property name="FailFast" value="false"></property>
              <property name="FlakeAttempts" value="0"></property>
              <property name="DryRun" value="false"></property>
              <property name="ParallelTotal" value="1"></property>
              <property name="OutputInterceptorMode" value=""></property>
          </properties>
          <testcase name="[It] Text ContainsSpecialCharacters returns true when given a string with a special character" classname="Text Suite" status="passed" time="9.2954e-05">
              <system-err>&gt; Enter [It] returns true when given a string with a special character - /Users/omarcrosby/go/src/github.com/jedi-knights/scaffit/pkg/text/text_test.go:12 @ 10/08/23 16:25:26.532&#xA;&lt; Exit [It] returns true when given a string with a special character - /Users/omarcrosby/go/src/github.com/jedi-knights/scaffit/pkg/text/text_test.go:12 @ 10/08/23 16:25:26.532 (0s)&#xA;</system-err>
          </testcase>
          <testcase name="[It] Text ContainsSpecialCharacters returns false when given a string without a special character" classname="Text Suite" status="passed" time="1.5475e-05">
              <system-err>&gt; Enter [It] returns false when given a string without a special character - /Users/omarcrosby/go/src/github.com/jedi-knights/scaffit/pkg/text/text_test.go:23 @ 10/08/23 16:25:26.532&#xA;&lt; Exit [It] returns false when given a string without a special character - /Users/omarcrosby/go/src/github.com/jedi-knights/scaffit/pkg/text/text_test.go:23 @ 10/08/23 16:25:26.532 (0s)&#xA;</system-err>
          </testcase>
          <testcase name="[It] Text ContainsSpecialCharacters returns false when given my_project" classname="Text Suite" status="passed" time="1.0717e-05">
              <system-err>&gt; Enter [It] returns false when given my_project - /Users/omarcrosby/go/src/github.com/jedi-knights/scaffit/pkg/text/text_test.go:34 @ 10/08/23 16:25:26.532&#xA;&lt; Exit [It] returns false when given my_project - /Users/omarcrosby/go/src/github.com/jedi-knights/scaffit/pkg/text/text_test.go:34 @ 10/08/23 16:25:26.532 (0s)&#xA;</system-err>
          </testcase>
          <testcase name="[It] Text IsCamelCase returns true when given a string in camel case" classname="Text Suite" status="passed" time="3.93e-05">
              <system-err>&gt; Enter [It] returns true when given a string in camel case - /Users/omarcrosby/go/src/github.com/jedi-knights/scaffit/pkg/text/text_test.go:47 @ 10/08/23 16:25:26.532&#xA;&lt; Exit [It] returns true when given a string in camel case - /Users/omarcrosby/go/src/github.com/jedi-knights/scaffit/pkg/text/text_test.go:47 @ 10/08/23 16:25:26.532 (0s)&#xA;</system-err>
          </testcase>
          <testcase name="[It] Text IsCamelCase returns false when given a string not in camel case" classname="Text Suite" status="passed" time="4.9039e-05">
              <system-err>&gt; Enter [It] returns false when given a string not in camel case - /Users/omarcrosby/go/src/github.com/jedi-knights/scaffit/pkg/text/text_test.go:58 @ 10/08/23 16:25:26.532&#xA;&lt; Exit [It] returns false when given a string not in camel case - /Users/omarcrosby/go/src/github.com/jedi-knights/scaffit/pkg/text/text_test.go:58 @ 10/08/23 16:25:26.532 (0s)&#xA;</system-err>
          </testcase>
          <testcase name="[It] Text IsCamelCase returns false when given a string with a hyphen" classname="Text Suite" status="passed" time="2.8821e-05">
              <system-err>&gt; Enter [It] returns false when given a string with a hyphen - /Users/omarcrosby/go/src/github.com/jedi-knights/scaffit/pkg/text/text_test.go:69 @ 10/08/23 16:25:26.532&#xA;&lt; Exit [It] returns false when given a string with a hyphen - /Users/omarcrosby/go/src/github.com/jedi-knights/scaffit/pkg/text/text_test.go:69 @ 10/08/23 16:25:26.532 (0s)&#xA;</system-err>
          </testcase>
          <testcase name="[It] Text IsCamelCase returns false when given a string with a special character" classname="Text Suite" status="passed" time="2.7562e-05">
              <system-err>&gt; Enter [It] returns false when given a string with a special character - /Users/omarcrosby/go/src/github.com/jedi-knights/scaffit/pkg/text/text_test.go:80 @ 10/08/23 16:25:26.532&#xA;&lt; Exit [It] returns false when given a string with a special character - /Users/omarcrosby/go/src/github.com/jedi-knights/scaffit/pkg/text/text_test.go:80 @ 10/08/23 16:25:26.532 (0s)&#xA;</system-err>
          </testcase>
          <testcase name="[It] Text IsCamelCase returns false when given a string with a space" classname="Text Suite" status="passed" time="2.7948e-05">
              <system-err>&gt; Enter [It] returns false when given a string with a space - /Users/omarcrosby/go/src/github.com/jedi-knights/scaffit/pkg/text/text_test.go:91 @ 10/08/23 16:25:26.532&#xA;&lt; Exit [It] returns false when given a string with a space - /Users/omarcrosby/go/src/github.com/jedi-knights/scaffit/pkg/text/text_test.go:91 @ 10/08/23 16:25:26.532 (0s)&#xA;</system-err>
          </testcase>
          <testcase name="[It] Text IsCamelCase returns false when given a string with an uppercase letter" classname="Text Suite" status="passed" time="2.1929e-05">
              <system-err>&gt; Enter [It] returns false when given a string with an uppercase letter - /Users/omarcrosby/go/src/github.com/jedi-knights/scaffit/pkg/text/text_test.go:102 @ 10/08/23 16:25:26.532&#xA;&lt; Exit [It] returns false when given a string with an uppercase letter - /Users/omarcrosby/go/src/github.com/jedi-knights/scaffit/pkg/text/text_test.go:102 @ 10/08/23 16:25:26.532 (0s)&#xA;</system-err>
          </testcase>
          <testcase name="[It] Text IsCamelCase returns false when given a string with a number" classname="Text Suite" status="passed" time="3.1703e-05">
              <system-err>&gt; Enter [It] returns false when given a string with a number - /Users/omarcrosby/go/src/github.com/jedi-knights/scaffit/pkg/text/text_test.go:113 @ 10/08/23 16:25:26.532&#xA;&lt; Exit [It] returns false when given a string with a number - /Users/omarcrosby/go/src/github.com/jedi-knights/scaffit/pkg/text/text_test.go:113 @ 10/08/23 16:25:26.532 (0s)&#xA;</system-err>
          </testcase>
          <testcase name="[It] Text ContainsWhitespace returns true when given a string with a space" classname="Text Suite" status="passed" time="1.658e-05">
              <system-err>&gt; Enter [It] returns true when given a string with a space - /Users/omarcrosby/go/src/github.com/jedi-knights/scaffit/pkg/text/text_test.go:126 @ 10/08/23 16:25:26.532&#xA;&lt; Exit [It] returns true when given a string with a space - /Users/omarcrosby/go/src/github.com/jedi-knights/scaffit/pkg/text/text_test.go:126 @ 10/08/23 16:25:26.532 (0s)&#xA;</system-err>
          </testcase>
          <testcase name="[It] Text ContainsWhitespace returns true when given a string with a tab" classname="Text Suite" status="passed" time="2.4763e-05">
              <system-err>&gt; Enter [It] returns true when given a string with a tab - /Users/omarcrosby/go/src/github.com/jedi-knights/scaffit/pkg/text/text_test.go:137 @ 10/08/23 16:25:26.532&#xA;&lt; Exit [It] returns true when given a string with a tab - /Users/omarcrosby/go/src/github.com/jedi-knights/scaffit/pkg/text/text_test.go:137 @ 10/08/23 16:25:26.532 (0s)&#xA;</system-err>
          </testcase>
          <testcase name="[It] Text ContainsWhitespace returns true when given a string with a newline" classname="Text Suite" status="passed" time="2.3082e-05">
              <system-err>&gt; Enter [It] returns true when given a string with a newline - /Users/omarcrosby/go/src/github.com/jedi-knights/scaffit/pkg/text/text_test.go:148 @ 10/08/23 16:25:26.532&#xA;&lt; Exit [It] returns true when given a string with a newline - /Users/omarcrosby/go/src/github.com/jedi-knights/scaffit/pkg/text/text_test.go:148 @ 10/08/23 16:25:26.533 (0s)&#xA;</system-err>
          </testcase>
          <testcase name="[It] Text ContainsWhitespace returns true when given a string with a carriage return" classname="Text Suite" status="passed" time="1.6631e-05">
              <system-err>&gt; Enter [It] returns true when given a string with a carriage return - /Users/omarcrosby/go/src/github.com/jedi-knights/scaffit/pkg/text/text_test.go:159 @ 10/08/23 16:25:26.533&#xA;&lt; Exit [It] returns true when given a string with a carriage return - /Users/omarcrosby/go/src/github.com/jedi-knights/scaffit/pkg/text/text_test.go:159 @ 10/08/23 16:25:26.533 (0s)&#xA;</system-err>
          </testcase>
          <testcase name="[It] Text ContainsWhitespace returns true when given a string with a form feed" classname="Text Suite" status="passed" time="2.3869e-05">
              <system-err>&gt; Enter [It] returns true when given a string with a form feed - /Users/omarcrosby/go/src/github.com/jedi-knights/scaffit/pkg/text/text_test.go:170 @ 10/08/23 16:25:26.533&#xA;&lt; Exit [It] returns true when given a string with a form feed - /Users/omarcrosby/go/src/github.com/jedi-knights/scaffit/pkg/text/text_test.go:170 @ 10/08/23 16:25:26.533 (0s)&#xA;</system-err>
          </testcase>
          <testcase name="[It] Text ContainsWhitespace returns true when given a string with a vertical tab" classname="Text Suite" status="passed" time="1.4438e-05">
              <system-err>&gt; Enter [It] returns true when given a string with a vertical tab - /Users/omarcrosby/go/src/github.com/jedi-knights/scaffit/pkg/text/text_test.go:181 @ 10/08/23 16:25:26.533&#xA;&lt; Exit [It] returns true when given a string with a vertical tab - /Users/omarcrosby/go/src/github.com/jedi-knights/scaffit/pkg/text/text_test.go:181 @ 10/08/23 16:25:26.533 (0s)&#xA;</system-err>
          </testcase>
          <testcase name="[It] Text ContainsWhitespace returns false when given a string without a whitespace character" classname="Text Suite" status="passed" time="2.2241e-05">
              <system-err>&gt; Enter [It] returns false when given a string without a whitespace character - /Users/omarcrosby/go/src/github.com/jedi-knights/scaffit/pkg/text/text_test.go:192 @ 10/08/23 16:25:26.533&#xA;&lt; Exit [It] returns false when given a string without a whitespace character - /Users/omarcrosby/go/src/github.com/jedi-knights/scaffit/pkg/text/text_test.go:192 @ 10/08/23 16:25:26.533 (0s)&#xA;</system-err>
          </testcase>
      </testsuite>
  </testsuites>